// Jest Snapshot v1, https://goo.gl/fbAQLP

exports[`renders correctly 1`] = `
<div
  className="grid"
>
  <div
    className="grid-item-0"
  >
    0
  </div>
  <button
    className="grid-item-1"
    onClick={[Function]}
    type="button"
  >
    AC
  </button>
  <button
    className="grid-item-2"
    onClick={[Function]}
    type="button"
  >
    +/-
  </button>
  <button
    className="grid-item-3"
    onClick={[Function]}
    type="button"
  >
    %
  </button>
  <button
    className="grid-item-4"
    onClick={[Function]}
    type="button"
  >
    รท
  </button>
  <button
    className="grid-item-5"
    onClick={[Function]}
    type="button"
  >
    7
  </button>
  <button
    className="grid-item-6"
    onClick={[Function]}
    type="button"
  >
    8
  </button>
  <button
    className="grid-item-7"
    onClick={[Function]}
    type="button"
  >
    9
  </button>
  <button
    className="grid-item-8"
    onClick={[Function]}
    type="button"
  >
    x
  </button>
  <button
    className="grid-item-9"
    onClick={[Function]}
    type="button"
  >
    4
  </button>
  <button
    className="grid-item-10"
    onClick={[Function]}
    type="button"
  >
    5
  </button>
  <button
    className="grid-item-11"
    onClick={[Function]}
    type="button"
  >
    6
  </button>
  <button
    className="grid-item-12"
    onClick={[Function]}
    type="button"
  >
    -
  </button>
  <button
    className="grid-item-13"
    onClick={[Function]}
    type="button"
  >
    1
  </button>
  <button
    className="grid-item-14"
    onClick={[Function]}
    type="button"
  >
    2
  </button>
  <button
    className="grid-item-15"
    onClick={[Function]}
    type="button"
  >
    3
  </button>
  <button
    className="grid-item-16"
    onClick={[Function]}
    type="button"
  >
    +
  </button>
  <button
    className="grid-item-17"
    onClick={[Function]}
    type="button"
  >
    0
  </button>
  <button
    className="grid-item-18"
    onClick={[Function]}
    type="button"
  >
    .
  </button>
  <button
    className="grid-item-19"
    onClick={[Function]}
    type="button"
  >
    =
  </button>
</div>
`;
