// Jest Snapshot v1, https://goo.gl/fbAQLP

exports[`renders correctly 1`] = `
<div
  className="home"
>
  <h2>
    Welcome to our page!
  </h2>
  <p>
    Lorem ipsum dolor sit amet, consectetur adipisicing elit. Voluptas id consequatur quasi iure libero ab cumque vero quia sapiente inventore, ipsam voluptatem dolorum eaque! Reiciendis iure nisi corporis ipsam quidem.
  </p>
  <p>
    Lorem ipsum dolor sit amet, consectetur adipisicing elit. Voluptas id consequatur quasi iure libero ab cumque vero quia sapiente inventore, ipsam voluptatem dolorum eaque! Reiciendis iure nisi corporis ipsam quidem.
  </p>
</div>
`;
